// Jest Snapshot v1, https://goo.gl/fbAQLP

exports[`Should match snapshot 1`] = `
<div>
  <div
    class="w-72 border border-gray-300 rounded-lg m-4 bg-white shadow-lg transition-transform transform hover:translate-y-[-0.125rem] relative"
    data-testid="resCard"
  >
    <img
      class="w-full h-52 object-cover rounded-t-lg"
      src="https://media-assets.swiggy.com/swiggy/image/upload/fl_lossy,f_auto,q_auto,w_660/6af9332845d39b846914eb581f94fa76"
    />
    <div
      class="p-4"
    >
      <h2
        class="text-lg font-semibold"
      >
        Ratlami Teekha
      </h2>
      <h3
        class="text-sm text-gray-600"
      >
        4.0
         star • 
        ₹199 for two
      </h3>
      <div
        class="text-sm text-gray-500 overflow-hidden h-10"
      >
         
        Snacks
      </div>
    </div>
  </div>
</div>
`;
